// Jest Snapshot v1, https://goo.gl/fbAQLP

exports[`Draft Empty Component should match the snapshot 1`] = `
<View
  style={
    {
      "alignItems": "center",
      "flex": 1,
      "justifyContent": "center",
    }
  }
  testID="draft_empty_component"
>
  <Image
    source={1}
  />
  <Text
    style={
      {
        "color": "#3f4350",
        "fontFamily": "Metropolis-SemiBold",
        "fontSize": 20,
        "fontWeight": "600",
        "lineHeight": 28,
      }
    }
  >
    No drafts at the moment
  </Text>
  <Text
    style={
      {
        "color": "rgba(63,67,80,0.72)",
        "fontFamily": "OpenSans",
        "fontSize": 14,
        "fontWeight": "400",
        "lineHeight": 20,
        "marginTop": 8,
        "textAlign": "center",
      }
    }
  >
    Any message you have started will show here.
  </Text>
</View>
`;

exports[`Draft Empty Component should render empty draft message 1`] = `
<View
  style={
    {
      "alignItems": "center",
      "flex": 1,
      "justifyContent": "center",
    }
  }
  testID="draft_empty_component"
>
  <Image
    source={1}
  />
  <Text
    style={
      {
        "color": "#3f4350",
        "fontFamily": "Metropolis-SemiBold",
        "fontSize": 20,
        "fontWeight": "600",
        "lineHeight": 28,
      }
    }
  >
    No drafts at the moment
  </Text>
  <Text
    style={
      {
        "color": "rgba(63,67,80,0.72)",
        "fontFamily": "OpenSans",
        "fontSize": 14,
        "fontWeight": "400",
        "lineHeight": 20,
        "marginTop": 8,
        "textAlign": "center",
      }
    }
  >
    Any message you have started will show here.
  </Text>
</View>
`;
