// Jest Snapshot v1, https://goo.gl/fbAQLP

exports[`Draft Post should match the snapshot 1`] = `
<View
  style={
    {
      "marginTop": 12,
    }
  }
  testID="draft_post_with_message_and_file"
>
  <View
    style={
      {
        "maxHeight": 721,
      }
    }
    testID="draft_message"
  >
    <RCTScrollView
      keyboardShouldPersistTaps="always"
      scrollEnabled={false}
      showsHorizontalScrollIndicator={false}
      showsVerticalScrollIndicator={false}
    >
      <View>
        <View
          onLayout={[Function]}
          style={
            [
              {
                "width": "100%",
              },
            ]
          }
        >
          <View
            style={
              [
                {
                  "alignItems": "flex-start",
                  "flexDirection": "row",
                  "flexWrap": "wrap",
                },
              ]
            }
            testID="markdown_paragraph"
          >
            <Text>
              <Text
                selectable={false}
                style={
                  {
                    "color": "#3f4350",
                    "fontFamily": "OpenSans",
                    "fontSize": 16,
                    "fontWeight": "400",
                    "lineHeight": 24,
                  }
                }
                testID="markdown_text"
              >
                Hello, World!
              </Text>
            </Text>
          </View>
        </View>
      </View>
    </RCTScrollView>
  </View>
</View>
`;
